2025-07-25T00:03:30: Database connection initialized
2025-07-25T00:03:30: 12:03:30 AM [express] serving on port 3001
2025-07-25T00:03:30: 12:03:30 AM [express] Local: http://localhost:3001
2025-07-25T00:03:30: 12:03:30 AM [express] Network: http://0.0.0.0:3001
2025-07-25T00:03:57: 12:03:57 AM [express] POST /api/orders 200 in 2ms :: {"userId":1,"totalAmount":"358","status":"pendin…
2025-07-25T00:04:13: 12:04:13 AM [express] GET /api/cart 304 in 0ms :: []
2025-07-25T00:05:04: 12:05:04 AM [express] GET /api/categories 304 in 1ms :: [{"id":1,"name":"Women's Fashion","descriptio…
2025-07-25T00:05:04: 12:05:04 AM [express] GET /api/products 200 in 1ms :: [{"name":"Designer Evening Dress","description"…
2025-07-25T00:05:04: 12:05:04 AM [express] GET /api/cart 304 in 0ms :: []
2025-07-25T00:05:40: 12:05:40 AM [express] POST /api/cart 200 in 1ms :: {"id":1,"productId":1,"quantity":2,"userId":null,"…
2025-07-25T00:05:51: 12:05:51 AM [express] GET /api/cart 200 in 0ms :: [{"id":1,"productId":1,"quantity":2,"userId":null,"…
2025-07-25T00:07:43: Database connection initialized
2025-07-25T00:07:44: 12:07:44 AM [express] serving on port 3001
2025-07-25T00:07:44: 12:07:44 AM [express] Local: http://localhost:3001
2025-07-25T00:07:44: 12:07:44 AM [express] Network: http://0.0.0.0:3001
2025-07-25T00:07:52: 12:07:52 AM [express] GET /api/cart 304 in 1ms :: []
2025-07-25T00:08:12: 12:08:12 AM [express] GET /api/products 200 in 1ms :: [{"name":"Designer Evening Dress","description"…
2025-07-25T00:08:12: 12:08:12 AM [express] GET /api/cart 304 in 0ms :: []
2025-07-25T00:08:26: 12:08:26 AM [express] POST /api/cart 200 in 1ms :: {"id":1,"productId":2,"quantity":1,"userId":null,"…
2025-07-25T00:09:12: Database connection initialized
2025-07-25T00:09:12: 12:09:12 AM [express] serving on port 3001
2025-07-25T00:09:12: 12:09:12 AM [express] Local: http://localhost:3001
2025-07-25T00:09:12: 12:09:12 AM [express] Network: http://0.0.0.0:3001
2025-07-25T00:09:20: 12:09:20 AM [express] GET /api/cart 304 in 2ms :: []
2025-07-25T00:09:41: 12:09:41 AM [express] GET /api/products 200 in 1ms :: [{"name":"Designer Evening Dress","description"…
2025-07-25T00:09:42: 12:09:42 AM [express] GET /api/categories 200 in 0ms :: [{"id":1,"name":"Women's Fashion","descriptio…
2025-07-25T00:09:57: 12:09:57 AM [express] POST /api/orders 200 in 1ms :: {"userId":1,"totalAmount":"205.32","status":"pen…
